'use client';

import React, { useRef, useState } from 'react';
import { motion, useScroll, useTransform, useSpring } from 'framer-motion';
import GlowHorizonFM from '@/components/ui/glow-horizon';
import { CinematicFooter } from '@/components/ui/motion-footer';

// --- Reusable Components ---

const GlowCard = ({ children, className = '' }: { children: React.ReactNode; className?: string }) => {
  const divRef = useRef<HTMLDivElement>(null);
  const [position, setPosition] = useState({ x: 0, y: 0 });
  const [opacity, setOpacity] = useState(0);

  const handlePointerMove = (e: React.PointerEvent<HTMLDivElement>) => {
    if (!divRef.current) return;
    const rect = divRef.current.getBoundingClientRect();
    setPosition({ x: e.clientX - rect.left, y: e.clientY - rect.top });
    setOpacity(1);
  };

  const handlePointerLeave = () => {
    setOpacity(0);
  };

  return (
    <div
      ref={divRef}
      onPointerMove={handlePointerMove}
      onPointerLeave={handlePointerLeave}
      className={`relative overflow-hidden rounded-xl border border-white/[0.06] bg-white/[0.03] backdrop-blur-md transition-transform duration-300 hover:-translate-y-1 hover:border-orange-500/50 ${className}`}
    >
      <div
        className="pointer-events-none absolute inset-0 transition-opacity duration-300"
        style={{
          opacity,
          background: `radial-gradient(600px circle at ${position.x}px ${position.y}px, rgba(255, 106, 61, 0.15), transparent 40%)`,
        }}
      />
      <div className="relative z-10 p-6">
        {children}
      </div>
    </div>
  );
};

const PipelineStep = ({ number, title, description, isActive }: { number: string; title: string; description: string; isActive?: boolean }) => (
  <motion.div
    initial={{ opacity: 0, y: 20 }}
    whileInView={{ opacity: 1, y: 0 }}
    viewport={{ once: true }}
    transition={{ duration: 0.5, ease: [0.22, 1, 0.36, 1] }}
    className="flex flex-col items-center text-center"
  >
    <div className={`mb-4 flex h-12 w-12 items-center justify-center rounded-full border border-white/[0.06] bg-white/[0.03] text-lg font-bold ${isActive ? 'border-orange-500/50 text-orange-400' : 'text-white'}`}>
      {number}
    </div>
    <h3 className="mb-2 text-xl font-semibold text-white">{title}</h3>
    <p className="text-sm text-gray-400">{description}</p>
  </motion.div>
);

const HorizontalScrollSection = ({ title, cards }: { title: string; cards: { title: string; description: string }[] }) => {
  const containerRef = useRef<HTMLDivElement>(null);
  const { scrollYProgress } = useScroll({
    target: containerRef,
    offset: ['start end', 'end start'],
  });

  const scaleX = useSpring(scrollYProgress, {
    stiffness: 100,
    damping: 30,
    restDelta: 0.001,
  });

  const x = useTransform(scrollYProgress, [0, 1], ['0%', '-50%']);

  return (
    <section id={title.toLowerCase().replace(/\s+/g, '-')} className="relative py-24">
      <div className="mb-12 text-center">
        <h2 className="text-3xl font-bold text-white">{title}</h2>
      </div>
      <div ref={containerRef} className="relative h-[400px] w-full overflow-hidden">
        <motion.div style={{ x }} className="flex gap-6">
          {cards.map((card, index) => (
            <div key={index} className="h-[300px] w-[300px] flex-shrink-0">
              <GlowCard className="h-full">
                <h3 className="mb-2 text-xl font-semibold text-white">{card.title}</h3>
                <p className="text-gray-400">{card.description}</p>
              </GlowCard>
            </div>
          ))}
        </motion.div>
        <motion.div
          className="absolute bottom-0 left-0 right-0 h-1 bg-orange-500/50"
          style={{ scaleX }}
        />
      </div>
    </section>
  );
};

// --- Main Page Component ---

export default function Landing2Page() {
  const [mode, setMode] = useState<'ask' | 'auto'>('ask');

  const features = [
    { title: 'Multi-task decomposition', description: 'Give it a list of unrelated changes; it splits, plans, and executes each one, sequentially where files overlap so edits never race each other.' },
    { title: 'Persistent memory', description: 'Learns your project&apos;s patterns, preferences, and past fixes across sessions, stored locally in .kodo/memory.' },
    { title: 'One-click Undo', description: 'Every write is snapshotted before it happens; revert any change from local history in one click, no confirmation dance.' },
    { title: 'Ask mode vs Auto mode', description: 'Ask mode shows you the full plan and waits for approval before a single file changes; Auto mode applies changes and reports back.' },
    { title: 'Web search & page fetching', description: 'Looks up documentation or a reference site you name, extracts its design language — colors, layout, copy — and uses it as ground truth instead of guessing.' },
    { title: 'Design skills', description: 'A library of curated expert knowledge — UI/UX rules, animation recipes, layout archetypes — automatically pulled in for creative work, extensible with your own .md files.' },
    { title: 'Self-correcting on failure', description: 'When a generated change breaks, Kodo attempts a targeted "fix forward" repair using the exact error, rather than blindly retrying from scratch.' },
  ];

  const security = [
    { title: 'Local-first keys', description: 'Your API key and model config live in a local settings file on your machine; they&apos;re never sent to any Kodo-operated server — there isn&apos;t one, it&apos;s self-hosted.' },
    { title: 'Workspace sandboxing', description: 'Every file operation is path-resolved and checked against the workspace root; nothing can read or write outside your project directory.' },
    { title: 'Read-before-write enforcement', description: 'Kodo can only edit a file it has actually opened and read in that turn; it cannot blindly modify a file it never inspected.' },
    { title: 'Pre-write validation', description: 'Every patch is checked for syntax errors, structural JSX issues, duplicate imports/attributes, undefined components, and broken import paths before it&apos;s written.' },
    { title: 'Snapshot-before-write', description: 'The original state of every touched file is saved locally before any edit, which is what powers one-click Undo and complete peace of mind.' },
    { title: 'Verification gate', description: 'Typecheck, lint, and a real render check must pass — or the failure is reported honestly — before Kodo calls a task complete; it doesn&apos;t just claim success.' },
    { title: 'Bounded, transparent retries', description: 'If verification fails, Kodo retries with the exact error fed back, capped at a small number of attempts, with every step visible in the activity log — no silent infinite loops.' },
  ];

  return (
    <div className="min-h-screen bg-[#08080a] text-white">
      {/* Navbar Placeholder - Inlined to avoid import errors */}
            <nav className="absolute top-4 left-1/2 z-50 -translate-x-1/2 rounded-full border border-white/[0.06] bg-[#08080a]/80 px-[200px] py-4 backdrop-blur-md">
        <div className="mx-auto flex max-w-7xl items-center justify-between px-4">
          <div className="text-lg font-bold text-white">Kodo</div>
          <div className="flex gap-3">
            <a href="#how-it-works" className="text-xs text-gray-400 hover:text-white">How it works</a>
            <a href="#features" className="text-xs text-gray-400 hover:text-white">Features</a>
            <a href="#security" className="text-xs text-gray-400 hover:text-white">Security</a>
            <a href="#more" className="text-xs text-gray-400 hover:text-white">More</a>
          </div>
        </div>
      </nav>

      {/* Hero Section */}
      <section className="relative flex min-h-screen items-center justify-center overflow-hidden">
        <GlowHorizonFM />
        <div className="relative z-10 mx-auto max-w-4xl px-6 text-center">
          <motion.h1
            initial={{ opacity: 0, y: 20 }}
            animate={{ opacity: 1, y: 0 }}
            transition={{ duration: 0.8, ease: [0.22, 1, 0.36, 1] }}
            className="mb-6 text-5xl font-bold leading-tight md:text-7xl"
          >
            Meet Kodo — the AI agent that ships your <span className="bg-gradient-to-r from-[#ff6a3d] to-[#ffa03d] bg-clip-text text-transparent">code</span>
          </motion.h1>
          <motion.p
            initial={{ opacity: 0, y: 20 }}
            animate={{ opacity: 1, y: 0 }}
            transition={{ duration: 0.8, delay: 0.2, ease: [0.22, 1, 0.36, 1] }}
            className="mb-8 text-lg text-gray-400 md:text-xl"
          >
            Kodo explores your codebase, plans surgical changes, applies them safely, and verifies everything — while you stay in control.
          </motion.p>
          <motion.div
            initial={{ opacity: 0, y: 20 }}
            animate={{ opacity: 1, y: 0 }}
            transition={{ duration: 0.8, delay: 0.4, ease: [0.22, 1, 0.36, 1] }}
            className="mx-auto flex w-fit items-center gap-2 rounded-full border border-white/[0.06] bg-white/[0.03] p-1 backdrop-blur-md"
          >
            <button
              onClick={() => setMode('ask')}
              className={`rounded-full px-4 py-2 text-sm font-medium transition-colors ${mode === 'ask' ? 'bg-orange-500 text-white' : 'text-gray-400 hover:text-white'}`}
            >
              Ask mode
            </button>
            <button
              onClick={() => setMode('auto')}
              className={`rounded-full px-4 py-2 text-sm font-medium transition-colors ${mode === 'auto' ? 'bg-orange-500 text-white' : 'text-gray-400 hover:text-white'}`}
            >
              Auto mode
            </button>
          </motion.div>
          <motion.p
            initial={{ opacity: 0 }}
            animate={{ opacity: 1 }}
            transition={{ duration: 0.5, delay: 0.6 }}
            className="mt-4 text-sm text-gray-500"
          >
            {mode === 'ask' ? 'Review plans before execution.' : 'Automatic changes with full reporting.'}
          </motion.p>
        </div>
      </section>

      {/* Agent Workflow Section */}
      <section id="how-it-works" className="py-24">
        <div className="mx-auto max-w-7xl px-6">
          <h2 className="mb-16 text-center text-3xl font-bold text-white">Agent Workflow</h2>
          <div className="grid grid-cols-1 gap-12 md:grid-cols-4">
            <PipelineStep
              number="01"
              title="Explore"
              description="Reads only the files that matter, using code search and project memory, and live web lookups when you reference external sites."
            />
            <PipelineStep
              number="02"
              title="Plan"
              description="Designs a minimal, surgical patch — no shotgun changes, just the exact diff needed."
            />
            <PipelineStep
              number="03"
              title="Execute"
              description="Applies the change, validated before it ever touches disk."
            />
            <PipelineStep
              number="04"
              title="Verify"
              description="Runs typecheck, lint, and a live render check against your dev server, retrying automatically if something&apos;s off."
            />
          </div>
        </div>
      </section>

      {/* Core Pipeline Section */}
      <section className="py-24">
        <div className="mx-auto max-w-7xl px-6">
          <h2 className="mb-16 text-center text-3xl font-bold text-white">Core Pipeline</h2>
          <div className="grid grid-cols-1 gap-6 md:grid-cols-2 lg:grid-cols-4">
            <GlowCard>
              <div className="mb-4 text-4xl font-bold text-orange-500">01</div>
              <h3 className="mb-2 text-xl font-semibold text-white">Explore</h3>
              <p className="text-gray-400">Reads only the files that matter, using code search and project memory, and live web lookups when you reference external sites.</p>
            </GlowCard>
            <GlowCard>
              <div className="mb-4 text-4xl font-bold text-orange-500">02</div>
              <h3 className="mb-2 text-xl font-semibold text-white">Plan</h3>
              <p className="text-gray-400">Designs a minimal, surgical patch — no shotgun changes, just the exact diff needed.</p>
            </GlowCard>
            <GlowCard>
              <div className="mb-4 text-4xl font-bold text-orange-500">03</div>
              <h3 className="mb-2 text-xl font-semibold text-white">Execute</h3>
              <p className="text-gray-400">Applies the change, validated before it ever touches disk.</p>
            </GlowCard>
            <GlowCard>
              <div className="mb-4 text-4xl font-bold text-orange-500">04</div>
              <h3 className="mb-2 text-xl font-semibold text-white">Verify</h3>
              <p className="text-gray-400">Runs typecheck, lint, and a live render check against your dev server, retrying automatically if something&apos;s off.</p>
            </GlowCard>
          </div>
        </div>
      </section>

      {/* Features Section */}
      <HorizontalScrollSection title="Features" cards={features} />

      {/* Security Section */}
      <HorizontalScrollSection title="Security" cards={security} />

      {/* Get Started Section */}
      <section className="py-24">
        <div className="mx-auto max-w-4xl px-6 text-center">
          <h2 className="mb-12 text-3xl font-bold text-white">Get Started</h2>
          <div className="grid grid-cols-1 gap-8 md:grid-cols-2">
            <div className="rounded-xl border border-white/[0.06] bg-white/[0.03] p-8 backdrop-blur-md">
              <h3 className="mb-4 text-xl font-semibold text-white">Step 1: Configure</h3>
              <p className="text-gray-400">Open Settings and add your model, API key, and base URL — stored locally, never sent anywhere else.</p>
            </div>
            <div className="rounded-xl border border-white/[0.06] bg-white/[0.03] p-8 backdrop-blur-md">
              <h3 className="mb-4 text-xl font-semibold text-white">Step 2: Chat</h3>
              <p className="text-gray-400">Chat naturally — describe what you want changed, Kodo explores, plans, executes, and verifies automatically.</p>
            </div>
          </div>
          <div className="mt-12 rounded-xl border border-white/[0.06] bg-[#0a0a0c] p-6 text-left">
            <div className="mb-2 text-xs text-gray-500">Example Prompt</div>
            <code className="text-sm text-orange-400">&quot;Refactor the login component to use the new design system tokens and add a loading state.&quot;</code>
          </div>
        </div>
      </section>

      {/* Footer */}
      <CinematicFooter />
    </div>
  );
}