"use client";

import { motion } from "framer-motion";

const container = {
  hidden: { opacity: 0 },
  show: {
    opacity: 1,
    transition: {
      staggerChildren: 0.1,
    },
  },
};

const item = {
  hidden: { opacity: 0, y: 20 },
  show: { opacity: 1, y: 0 },
};



export default function EmptyStateCard({
  title,
  desc,
  onClick,
}: {
  title: string;
  desc: string;
  onClick: () => void;
}) {
  return (
    <motion.button
      onClick={onClick}
      className="group relative w-full overflow-hidden rounded-3xl border border-white/8 bg-gradient-to-br from-white/[0.04] to-white/[0.01] p-8 text-left transition-all duration-300 hover:border-[#ff8a3d]/30 hover:bg-gradient-to-br hover:from-[#ff8a3d]/5 hover:to-[#ff5e4d]/5"
      whileHover={{ scale: 1.01, y: -4 }}
      whileTap={{ scale: 0.99 }}
    >
      {/* Animated gradient background */}
      <div className="absolute inset-0 bg-gradient-to-r from-[#ff8a3d]/0 via-[#ff8a3d]/5 to-[#ff5e4d]/0 opacity-0 transition-opacity duration-500 group-hover:opacity-100" />
      
      <motion.div
        variants={container}
        initial="hidden"
        animate="show"
        className="relative z-10"
      >
                {/* Minimal sparkle icon */}
        <motion.div
          className="mb-6 flex items-center justify-center"
          animate={{
            rotate: [0, 10, -10, 0],
            scale: [1, 1.1, 1],
          }}
          transition={{
            duration: 3,
            repeat: Infinity,
            ease: "easeInOut",
          }}
        >
          <svg
            className="h-8 w-8 text-[#ff8a3d]/60 group-hover:text-[#ff8a3d] transition-colors duration-300"
            fill="currentColor"
            viewBox="0 0 24 24"
            xmlns="http://www.w3.org/2000/svg"
          >
            <path d="M12 2L14.09 8.26L20 9.27L15.55 13.97L16.91 20L12 16.9L7.09 20L8.45 13.97L4 9.27L9.91 8.26L12 2Z" />
          </svg>
        </motion.div>

        {/* Title with gradient text */}
        <motion.p
          variants={item}
          className="mb-2 bg-gradient-to-r from-[#ff8a3d] to-[#ff5e4d] bg-clip-text text-xl font-semibold text-transparent"
        >
          {title}
        </motion.p>

        {/* Description */}
        <motion.p
          variants={item}
          className="text-sm leading-relaxed text-white/50"
        >
          {desc}
        </motion.p>

        {/* Subtle bottom accent line */}
        <motion.div
          variants={item}
          className="mt-6 h-px w-12 bg-gradient-to-r from-[#ff8a3d] to-transparent opacity-40 group-hover:opacity-70 group-hover:w-20 transition-all duration-300"
        />
      </motion.div>
    </motion.button>
  );
}