"use client";

import React from "react";
import { AnimatePresence, motion } from "framer-motion";
import { Loader2, Mic, Paperclip, StopCircle, X } from "lucide-react";
import NorthRoundedIcon from "@mui/icons-material/NorthRounded";
import StopRoundedIcon from "@mui/icons-material/StopRounded";
import { transcribeAudio } from "../../lib/api";

type ChatComposerProps = {
  messageInput: string;
  setMessageInput: (value: string) => void;
  textareaRef: React.RefObject<HTMLTextAreaElement>;
  isInputFocused: boolean;
  setIsInputFocused: (value: boolean) => void;
  isSending: boolean;
  isRecording: boolean;
  setIsRecording: React.Dispatch<React.SetStateAction<boolean>>;
  onSendMessage: () => void;
  onMessageKeyDown: (e: React.KeyboardEvent<HTMLTextAreaElement>) => void;
  selectedFiles: File[];
  setSelectedFiles: React.Dispatch<React.SetStateAction<File[]>>;
};

function mergeFiles(existing: File[], incoming: File[]) {
  const seen = new Set(
    existing.map((file) => `${file.name}_${file.size}_${file.lastModified}`)
  );

  const merged = [...existing];

  for (const file of incoming) {
    const key = `${file.name}_${file.size}_${file.lastModified}`;
    if (seen.has(key)) continue;
    seen.add(key);
    merged.push(file);
  }

  return merged;
}

export default function ChatComposer({
  messageInput,
  setMessageInput,
  textareaRef,
  isInputFocused,
  setIsInputFocused,
  isSending,
  isRecording,
  setIsRecording,
  onSendMessage,
  onMessageKeyDown,
  selectedFiles,
  setSelectedFiles,
}: ChatComposerProps) {
  const fileInputRef = React.useRef<HTMLInputElement>(null);
  const mediaRecorderRef = React.useRef<MediaRecorder | null>(null);
  const mediaStreamRef = React.useRef<MediaStream | null>(null);
  const chunksRef = React.useRef<BlobPart[]>([]);
  const mountedRef = React.useRef(true);

  const [isTranscribing, setIsTranscribing] = React.useState(false);

  const canSend = Boolean(messageInput.trim() || selectedFiles.length > 0);

  const stopStreamTracks = React.useCallback(() => {
    mediaStreamRef.current?.getTracks().forEach((track) => track.stop());
    mediaStreamRef.current = null;
  }, []);

  const startRecording = React.useCallback(async () => {
    if (typeof window === "undefined") return;

    if (!navigator.mediaDevices?.getUserMedia) {
      console.error("Microphone is not supported in this browser.");
      setIsRecording(false);
      return;
    }

    try {
      const stream = await navigator.mediaDevices.getUserMedia({ audio: true });
      mediaStreamRef.current = stream;
      chunksRef.current = [];

      const recorder = new MediaRecorder(stream);
      mediaRecorderRef.current = recorder;

      recorder.ondataavailable = (event) => {
        if (event.data.size > 0) {
          chunksRef.current.push(event.data);
        }
      };

      recorder.onerror = (event) => {
        console.error("MediaRecorder error:", event);
        setIsRecording(false);
      };

      recorder.onstop = async () => {
        const mimeType = recorder.mimeType || "audio/webm";
        const audioBlob = new Blob(chunksRef.current, { type: mimeType });

        chunksRef.current = [];
        stopStreamTracks();

        if (!audioBlob.size) return;

        setIsTranscribing(true);

        try {
          const transcript = (await transcribeAudio(audioBlob, "voice.webm")).trim();

          if (!mountedRef.current) return;

          if (transcript) {
            setMessageInput(transcript);

            if (textareaRef.current) {
              textareaRef.current.style.height = "auto";
              textareaRef.current.style.height = `${Math.min(
                textareaRef.current.scrollHeight,
                180
              )}px`;
            }

            window.setTimeout(() => {
              onSendMessage();
            }, 120);
          }
        } catch (error) {
          console.error("Transcription failed:", error);
        } finally {
          if (mountedRef.current) {
            setIsTranscribing(false);
          }
        }
      };

      recorder.start();
    } catch (error) {
      console.error("Could not start microphone recording:", error);
      setIsRecording(false);
      stopStreamTracks();
    }
  }, [onSendMessage, setIsRecording, setMessageInput, stopStreamTracks, textareaRef]);

  const stopRecording = React.useCallback(() => {
    const recorder = mediaRecorderRef.current;

    if (recorder && recorder.state !== "inactive") {
      recorder.stop();
    } else {
      stopStreamTracks();
    }

    mediaRecorderRef.current = null;
  }, [stopStreamTracks]);

  React.useEffect(() => {
    mountedRef.current = true;

    return () => {
      mountedRef.current = false;
      stopRecording();
      stopStreamTracks();
    };
  }, [stopRecording, stopStreamTracks]);

  React.useEffect(() => {
    if (isRecording) {
      void startRecording();
    } else {
      stopRecording();
    }
  }, [isRecording, startRecording, stopRecording]);

  return (
    <div className="bg-transparent px-4 pb-4 pt-3 md:px-8">
      <div className="mx-auto w-full max-w-4xl">
        <motion.div
          animate={
            isInputFocused
              ? {
                  boxShadow:
                    "0 0 0 1px rgba(255,138,61,0.22), 0 20px 60px rgba(0,0,0,0.22)",
                }
              : {
                  boxShadow:
                    "0 0 0 1px rgba(255,255,255,0.06), 0 18px 50px rgba(0,0,0,0.18)",
                }
          }
          transition={{ duration: 0.22 }}
          className="rounded-[22px] border border-white/8 bg-white/[0.03] p-2.5 backdrop-blur-sm"
        >
          <div className="flex items-end gap-2">
            <input
              ref={fileInputRef}
              type="file"
              className="hidden"
              multiple
              accept="image/*,.pdf,.doc,.docx,.txt,.md,.json,.csv"
              onChange={(e) => {
                const files = Array.from(e.target.files ?? []);
                if (files.length > 0) {
                  setSelectedFiles((prev) => mergeFiles(prev, files));
                }
                e.target.value = "";
              }}
            />

            <motion.button
              type="button"
              whileHover={{ scale: 1.03 }}
              whileTap={{ scale: 0.96 }}
              onClick={() => fileInputRef.current?.click()}
              className="flex h-10 w-10 shrink-0 items-center justify-center rounded-xl border border-white/8 bg-white/[0.03] text-white/62 transition-colors duration-200 hover:border-white/12 hover:bg-white/[0.05] hover:text-white disabled:cursor-not-allowed disabled:opacity-50"
              title="Attach file or image"
              disabled={isSending || isTranscribing}
            >
              <Paperclip className="h-4 w-4" />
            </motion.button>

            <div className="min-w-0 flex-1">
              <textarea
                ref={textareaRef}
                value={messageInput}
                onFocus={() => setIsInputFocused(true)}
                onBlur={() => setIsInputFocused(false)}
                onChange={(e) => {
                  setMessageInput(e.target.value);
                  e.target.style.height = "auto";
                  e.target.style.height = `${Math.min(
                    e.target.scrollHeight,
                    180
                  )}px`;
                }}
                onKeyDown={onMessageKeyDown}
                placeholder="Message AI Assistant"
                rows={1}
                className="min-h-[44px] w-full resize-none bg-transparent px-1 py-2.5 text-[14px] leading-6 text-white outline-none placeholder:text-white/24"
                disabled={isSending || isTranscribing}
              />

              <AnimatePresence initial={false}>
                {selectedFiles.length > 0 && (
                  <motion.div
                    initial={{ opacity: 0, y: 4 }}
                    animate={{ opacity: 1, y: 0 }}
                    exit={{ opacity: 0, y: 4 }}
                    className="mt-2 flex flex-wrap gap-2"
                  >
                    {selectedFiles.map((file) => (
                      <div
                        key={`${file.name}_${file.size}_${file.lastModified}`}
                        className="flex max-w-full items-center gap-2 rounded-xl border border-[#ff8a3d]/18 bg-[#ff8a3d]/8 px-2.5 py-1.5 text-xs text-white/84"
                      >
                        <span className="min-w-0 truncate">
                          📎 {file.name}
                        </span>
                        <button
                          type="button"
                          onClick={() => {
                            setSelectedFiles((prev) =>
                              prev.filter(
                                (item) =>
                                  !(
                                    item.name === file.name &&
                                    item.size === file.size &&
                                    item.lastModified === file.lastModified
                                  )
                              )
                            );
                          }}
                          className="ml-auto inline-flex h-5 w-5 shrink-0 items-center justify-center rounded-full text-white/60 transition-colors hover:bg-white/10 hover:text-white"
                          title="Remove attachment"
                          disabled={isSending || isTranscribing}
                        >
                          <X className="h-3.5 w-3.5" />
                        </button>
                      </div>
                    ))}
                  </motion.div>
                )}
              </AnimatePresence>
            </div>

            <motion.button
              type="button"
              whileHover={{ scale: 1.03 }}
              whileTap={{ scale: 0.96 }}
              onClick={() => setIsRecording((p) => !p)}
              className={`flex h-10 w-10 shrink-0 items-center justify-center rounded-xl border transition-colors duration-200 ${
                isTranscribing
                  ? "border-[#ff8a3d]/20 bg-[#ff8a3d]/10 text-white"
                  : isRecording
                    ? "border-[#ff5e4d]/30 bg-[#ff5e4d]/12 text-white"
                    : "border-white/8 bg-white/[0.03] text-white/62 hover:border-white/12 hover:bg-white/[0.05] hover:text-white"
              }`}
              title={isRecording ? "Stop recording" : "Voice"}
              disabled={isSending || isTranscribing}
            >
              {isTranscribing ? (
                <Loader2 className="h-4 w-4 animate-spin" />
              ) : isRecording ? (
                <StopCircle className="h-4 w-4" />
              ) : (
                <Mic className="h-4 w-4" />
              )}
            </motion.button>

            <motion.button
              type="button"
              whileHover={{ scale: isSending ? 1 : 1.03 }}
              whileTap={{ scale: isSending ? 1 : 0.96 }}
              onClick={onSendMessage}
              disabled={!canSend || isSending || isTranscribing}
              className="flex h-10 w-10 shrink-0 items-center justify-center rounded-xl border border-[#ff8a3d]/20 bg-gradient-to-br from-[#ff6a3d] via-[#ff4d3d] to-[#ff2d2d] text-white shadow-[0_12px_26px_rgba(255,77,61,0.22)] transition-all duration-200 hover:shadow-[0_16px_32px_rgba(255,77,61,0.28)] disabled:cursor-not-allowed disabled:opacity-45"
              title="Send"
            >
              <AnimatePresence mode="wait" initial={false}>
                {isSending ? (
                  <motion.span
                    key="loading"
                    initial={{ opacity: 0, scale: 0.9, rotate: -8 }}
                    animate={{ opacity: 1, scale: 1, rotate: 0 }}
                    exit={{ opacity: 0, scale: 0.9 }}
                  >
                    <Loader2 className="h-4 w-4 animate-spin" />
                  </motion.span>
                ) : (
                  <motion.span
                    key="send"
                    initial={{ opacity: 0, scale: 0.9, y: 1 }}
                    animate={{ opacity: 1, scale: 1, y: 0 }}
                    exit={{ opacity: 0, scale: 0.9 }}
                  >
                    <NorthRoundedIcon className="h-4 w-4" />
                  </motion.span>
                )}
              </AnimatePresence>
            </motion.button>
          </div>
        </motion.div>

        <div className="mt-2 text-center text-xs text-white/28">
          Press Enter to send, Shift+Enter for new line
        </div>

        <div className="mt-2 text-center text-[11px] text-white/22">
          ChatGPT can make mistakes. Check important information.
        </div>
      </div>
    </div>
  );
}